{
    "Major": 1,
    "Minor": 1,
    "Patch": 0,
    "PreReleaseTag": {
        "Name": "unstable",
        "Number": 0
    },
    "BuildMetaData": {
        "CommitsSinceTag": 1,
        "Branch": "featureWithOneCommit",
        "Sha": "000000000000000000000000000000000000000",
        "OriginalReleaseDate": "<date replaced>",
        "ReleaseDate": "<date replaced>",
        "OtherMetaData": null
    }
}