{
    "Major": 0,
    "Minor": 1,
    "Patch": 5,
    "PreReleaseTag": {
        "Name": null,
        "Number": null
    },
    "BuildMetaData": {
        "CommitsSinceTag": null,
        "Branch": "master",
        "Sha": "000000000000000000000000000000000000000",
        "OriginalReleaseDate": "<date replaced>",
        "ReleaseDate": "<date replaced>",
        "OtherMetaData": null
    }
}